node.exe : ΓÜá Warning: Next.js inferred your 
workspace root, but it may not be correct.
At line:1 char:1
+ & "C:\Program Files\nodejs/node.exe" 
"C:\Users\LENOVO\AppData\Roaming ...
+ ~~~~~~~~~~~~~~~~~~~~~~~~~~~~~~~~~~~~~~~~~~~~~~~~~~~~~
~~~~~~~~~~~~~~~~
    + CategoryInfo          : NotSpecified: (ΓÜá Warni 
   ng: Ne...not be correct.:String) [], RemoteExcepti  
  on
    + FullyQualifiedErrorId : NativeCommandError
 
 We detected multiple lockfiles and selected the 
directory of C:\Users\LENOVO\package-lock.json as the 
root directory.
 To silence this warning, set `turbopack.root` in your 
Next.js config, or consider removing one of the 
lockfiles if it's not needed.
   See https://nextjs.org/docs/app/api-reference/config
/next-config-js/turbopack#root-directory for more 
information.
 Detected additional lockfiles: 
   * C:\Users\LENOVO\shivansh\et-intelligence\package-l
ock.json
   * C:\Users\LENOVO\shivansh\yarn.lock

Γû▓ Next.js 16.2.1 (Turbopack)
- Environments: .env.local

ΓÜá The "middleware" file convention is deprecated. 
Please use "proxy" instead. Learn more: 
https://nextjs.org/docs/messages/middleware-to-proxy
  Creating an optimized production build ...
Γ£ô Compiled successfully in 2.9s
  Running TypeScript ...
  Finished TypeScript in 2.7s ...
  Collecting page data using 14 workers ...
  Generating static pages using 14 workers (0/11) ...
  Generating static pages using 14 workers (2/11) 
  Generating static pages using 14 workers (5/11) 
  Generating static pages using 14 workers (8/11) 
Error occurred prerendering page "/". Read more: 
https://nextjs.org/docs/messages/prerender-error
Error: Invalid supabaseUrl: Must be a valid HTTP or 
HTTPS URL.
    at <unknown> (C:\Users\LENOVO\shivansh\et-intellige
nce\.next\server\chunks\ssr\shivansh_et-intelligence_0n
eh51f._.js:37:43510)
    at new cv (C:\Users\LENOVO\shivansh\et-intelligence
\.next\server\chunks\ssr\shivansh_et-intelligence_0neh5
1f._.js:37:43692)
    at <unknown> (C:\Users\LENOVO\shivansh\et-intellige
nce\.next\server\chunks\ssr\shivansh_et-intelligence_0n
eh51f._.js:59:4312)
    at <unknown> (C:\Users\LENOVO\shivansh\et-intellige
nce\.next\server\chunks\ssr\shivansh_et-intelligence_0n
eh51f._.js:59:4544)
    at <unknown> (C:\Users\LENOVO\shivansh\et-intellige
nce\.next\server\chunks\ssr\shivansh_et-intelligence_ap
p_page_tsx_0w6kh6j._.js:1:122) {
  digest: '3751379817'
}
Export encountered an error on /page: /, exiting the 
build.
Γ¿» Next.js build worker exited with code: 1 and 
signal: null
